[INFO] Scanning for projects...
[INFO] 
[INFO] ----------------------< com.santander:challenge >-----------------------
[INFO] Building challenge 0.0.1-SNAPSHOT
[INFO]   from pom.xml
[INFO] --------------------------------[ jar ]---------------------------------
[INFO] 
[INFO] --- clean:3.4.1:clean (default-clean) @ challenge ---
[INFO] Deleting C:\Users\alboa\OneDrive\Documentos\GitHub\accenture-challenge-santander\target
[INFO] ------------------------------------------------------------------------
[INFO] BUILD FAILURE
[INFO] ------------------------------------------------------------------------
[INFO] Total time:  2.035 s
[INFO] Finished at: 2026-01-16T13:32:55-03:00
[INFO] ------------------------------------------------------------------------
[ERROR] Failed to execute goal org.apache.maven.plugins:maven-clean-plugin:3.4.1:clean (default-clean) on project challenge: Failed to clean project: Failed to delete C:\Users\alboa\OneDrive\Documentos\GitHub\accenture-challenge-santander\target\classes\com\santander\challenge\application\service -> [Help 1]
[ERROR] 
[ERROR] To see the full stack trace of the errors, re-run Maven with the -e switch.
[ERROR] Re-run Maven using the -X switch to enable full debug logging.
[ERROR] 
[ERROR] For more information about the errors and possible solutions, please read the following articles:
[ERROR] [Help 1] http://cwiki.apache.org/confluence/display/MAVEN/MojoExecutionException
